// Jest Snapshot v1, https://goo.gl/fbAQLP

exports[`<ProductCard /> handles addToFavorites and removeFromFavorites 1`] = `[]`;

exports[`<ProductCard /> handles addToFavorites and removeFromFavorites 2`] = `[]`;
